ACLM1TIM
ACLM2TIM
ACOORDS
ACPARM
ADUMLEN
ADUMLENO
AERCMP3A
AERPRM3A
AFIELDS
AFILLIN
AFLDDIMS
AINFLEN
AINFLENO
AINTERP
AINTF
AINTFO
ALSMS
AMAXSIZE
ANGINT3A
AOCACDG
AOCACSZE
AOCFIELD
AOCGA1
AOCGA2
AOCGC
AOCGM
AOCGRP
AOCLAY
AOCLL
AOCLSM
AOCMTL
AOCNOB
AOCPMA
AOCPMB
AOCPMC
AOCSEL
AOCSELA
AOCSELB
AOCSTATE
AREFTIM
ARGANC
ARGAOCPL
ARGBND
ARGCNVI
ARGCONA
ARGCONO
ARGCONW
ARGD1
ARGDUM
ARGDUMA
ARGDUMO
ARGDUMW
ARGFLDPT
ARGINF
ARGINFA
ARGINFO
ARGINFW
ARGMPP
ARGOC2DG
ARGOC3DG
ARGOCAC
ARGOCALL
ARGOCBAS
ARGOCBIO
ARGOCCON
ARGOCFIL
ARGOCFLD
ARGOCFLW
ARGOCINC
ARGOCLOC
ARGOCMEA
ARGOCONE
ARGOCPAR
ARGOCTOP
ARGOCTOT
ARGOINDX
ARGOSTFL
ARGPPX
ARGPTRA
ARGPTRO
ARGPTRW
ARGSIZ
ARGSIZA
ARGSIZE
ARGSIZO
ARGSP
ARGSPA
ARGSPC
ARGSPO
ARGSPW
ARGSTS
ARGSZSP
ARGSZSPA
ARGSZSPC
ARGSZSPO
ARGSZSPW
ARGWVAL
ARGWVCP
ARGWVCU
ARGWVFD
ARGWVGD
ARGWVJO
ARGWVJS
ARGWVKL
ARGWVMN
ARGWVMP
ARGWVNA
ARGWVNL
ARGWVP2
ARGWVPD
ARGWVRF
ARGWVS2
ARGWVSD
ARGWVSH
ARGWVSR
ARGWVTB
ARGWVWD
AROTGRD
ARTANC
ARTAOCPL
ARTBND
ARTBNDA
ARTBNDO
ARTCONA
ARTCONO
ARTCONW
ARTD1
ARTDUMA
ARTDUMO
ARTDUMW
ARTINFA
ARTINFO
ARTINFW
ARTPTRA
ARTPTRO
ARTPTRW
ARTSTS
ATM_LSM
AVALTIM
BDY_DIMS
BLEND_H
BUFFERS
CALTSUBM
CANCFLDA
CANCFLDO
CANCFLDW
CANCFTNA
CANCFTNO
CANCFTNW
CANCILA
CANCILO
CANCILW
CANCLSTA
CANCMAXA
CANCTITA
CAOPTR
CAPECNST
CASPTR
CBOUND
CCARBON
CCLM1TIM
CCLM2TIM
CCONSTS
CCONTROL
CCOORDS
CDAYDATA
CDEBUG
CDUMLEN
CDUST_C2
CENVIR
CENVIRDT
CENVIRON
CFDCODES
CFIELDS
CFILLIN
CFLDDIMS
CGCOUPLE
CGRIB
CGRIBTAB
CHISTG
CHISTO
CHISTORY
CHSUNITS
CINFIL
CINFLEN
CINTERP
CINTF
CINTFA
CINTFO
CLCFPT3A
CLDAREA
CLDCMP3A
CLDREG3A
CLDTYP3A
CLFHIST
CLOOKADD
CLOOKUPS
CLREPD3A
CLREPP3A
CLSCHM3A
CLSMS
CMAXSIZE
CMAXSIZO
CMEANCTL
CMESS
CMICFLD
CNAMINFA
CNAMINFO
CNLSIZES
CNTLALL
CNTLATM
CNTLGEN
CNTLIODT
CNTLOCN
CNTLSLB
CNTLWAV
CNTL_IO
CNTUUM3A
COASIS
COASISDT
COCACDG
COCAMOM
COCAROWS
COCAUX
COCAWRKA
COCBIO
COCGC
COCGM
COCGRP
COCIOF
COCLAY
COCLL
COCMTL
COCNINDX
COCNOB
COCOBS
COCPMA
COCPMB
COCPMC
COCSTATE
COCTIM
COCTMOM
COCTOL
COCTROWS
COCTWRKA
CODACDG
CODACSZE
CODAUX
CODCMP
CODCPI
CODDPI
CODEPI
CODFIELD
CODG
CODGA2
CODGRP
CODIOF
CODLAY
CODLL
CODLSM
CODMTL
CODNOB
CODOBS
CODPMA
CODPMB
CODPMC
CODSEL
CODSTATE
CODTIM
COMACDG
COMACP
COMAG
COMMG
COMOBS
COMOBSDT
COMOCAC
COMOCASZ
COMOCBAS
COMOCDPT
COMOCFIL
COMOCFLW
COMOCISL
COMOCONE
COMOCPAR
COMWVDPT
CONANC
CPHINT
CPHYSCON
CPPRINT
CPPXREF
CRADINCS
CRECMPP
CREFTIM
CRITDEP
CROTGRD
CRUNTIMC
CSELCT
CSENARIO
CSIGMA
CSIZEOBS
CSLBDATA
CSMID
CSMIN
CSTASH
CSUBMMAX
CSUBMODL
CTIME
CTLNL3A
CTRACERA
CUNITNOS
CVALOFF
CVALTIM
CZONMPTR
CZONPRIT
C_0_DG_C
C_A
C_ADJCTL
C_CALCRS
C_CALCTS
C_CHARNK
C_DENSTY
C_DG10_1
C_DG10_2
C_ECMWF_19
C_ECMWF_31
C_EPSLON
C_ETA_PMSL
C_EVAPPN
C_ErrVal
C_G
C_GAMMA
C_GLOBAL
C_GWAVE
C_HORIZ
C_HT_M
C_ITEMS
C_KAPPAI
C_KT_FT
C_LAPSE
C_LHEAT
C_LOWCLD
C_LSPDIF
C_LSPDRP
C_LSPFRM
C_LSPMIC
C_LSPSIZ
C_MDI
C_MICRO
C_N_TYPES
C_OMEGA
C_PERMA
C_PI
C_POND
C_RHOWAT
C_RMOL
C_ROUGH
C_R_CP
C_SETFIL
C_SICEHC
C_SLAB
C_SOILH
C_SOILTH
C_ST_BDY
C_ST_CHM
C_ST_CON
C_ST_LSP
C_SULBDY
C_SULCHM
C_SULCON
C_SULLSP
C_SURF
C_THADV
C_THETLQ
C_UVADJ
C_VARCDT
C_VARCTL
C_VARPNT
C_VCORI
C_VERT
C_VERT_MAX
C_VERT_NL
C_VISBTY
C_VKMAN
C_WRITD
C_WVAS
C_Z0H_Z0M
D1_ADDR
DDAREA
DDEVAP
DDEVPICE
DDEVPLQ
DDKMDET
DECOMPDB
DECOMPDT
DECOMPTP
DELTHST
DESCENT
DIFFKE3A
DIMFIX3A
DOCACDG
DOCACP
DOCAG
DOCMG
DOCOBS
DUMP_AR1
DUMP_AR2
DUMP_DIM
DUMP_LEN
ELSASS3A
ENTCNST
ENTDD
ERF_LSP
ERROR3A
ESFTSC3A
GASID3A
GASOVL3A
GCCOM
GSSWTD3A
GSSWTP3A
ICLPRM3A
IHISTG
IHISTO
INTRFACE
IOVARS
IOVARSAC
L2VAL
LBC_COUP
LENFIL
LWABSIW
LWABTSAA
LWCARG3A
LWCAVR3A
LWCOPT3A
LWFIX3A
LWFLSTBD
LWGAFD
LWGSINBS
LWKCONT
LWLKUPNU
LWNBANDS
LWNGASES
LWNLKUPS
LWNTRANS
LWOPT3A
LWPFCO
LWSARG3A
LWSP3A
LWSPCM3A
LWSPDC3A
LWSPDL3A
LWTABLE
MASSFC
MIXEXT3A
MOCACDG
MOCACSZE
MOCCMP
MOCG
MOCGC
MOCGM
MOCLAY
MOCMTL
MOCNOB
MODEL
MOSES_OPT
MPARB
MPARFL
MPARWTR
MPPAC
MPPTRANS
MXSIZE3A
NAMSIZE
NCLDSVAL
NLEVSVAL
NOZONVAL
NRECON
NSTYPES
NVEGPARM
NWETVAL
OARRYSIZ
OBIOCONST
OTIMER
OTRACPNT
PARCOMM
PARCONS
PARFFTS
PARPARM
PARVARDT
PARVARS
PARWVAL
PARWVSH
PARWVSTR
PARWVTB
PARXS
PFTPARM
PHASE3A
PHYCN03A
PLOOKUPS
POCACNST
POCCPI
POCDPI
POCEPI
POCWRD
PPXLOOK
PRECSN3A
PRMCH3A
P_EXNERC
P_EXNRC2
QSTICE
RAD_COM
RCPARAM
RHCCON2B
ROCACDG
ROCACSZE
ROCCMP
ROCCMPW
ROCDMP
ROCFIELD
ROCG
ROCGA1
ROCGA1W
ROCGA2
ROCGA2W
ROCGC
ROCGM
ROCGRP
ROCLAY
ROCLL
ROCLSM
ROCMTL
ROCNOB
ROCOBS
ROCPMA
ROCPMB
ROCPMC
ROCSEL
ROCSELA
ROCSELAW
ROCSELB
ROCSELBW
ROCSTATE
RV
SATCNST
SCFPT3A
SCLFNC3A
SCLFND3A
SCTMTH3A
SEED
SETFLDPT
SETMPP
SHMCOMM
SIGM
SOILTHK
SOIL_THICK
SOLVER3A
SPCRG3A
SPDEC3A
SPINDEX
SRFSP3A
STDIO3A
STERR
STEXTEND
STPARAM
SWCARG3A
SWCAVR3A
SWCLOPNU
SWCOPT3A
SWDIFFAC
SWFIX3A
SWFSCIEB
SWFSTBND
SWFSWTBD
SWHBYA
SWLKUPNU
SWLKUPPA
SWNBANDS
SWNGASES
SWNTRANS
SWOPT3A
SWRAYSCA
SWRE
SWSARG3A
SWSC
SWSP3A
SWSPCM3A
SWSPDC3A
SWSPDL3A
S_HYBVER
S_SOILPR
S_VEGPRM
T3ECLKTK
TICE
TRIF
TROPFILT
TWOSTR3A
TYPANC
TYPAOCPL
TYPBND
TYPCNVI
TYPCONA
TYPCONO
TYPCONW
TYPD1
TYPD1WV
TYPDUM
TYPDUMA
TYPDUMO
TYPDUMW
TYPFLDPT
TYPGRIB
TYPINF
TYPINFA
TYPINFO
TYPINFW
TYPMPP
TYPOASZ
TYPOC2DG
TYPOC3DG
TYPOCAC
TYPOCALL
TYPOCBAS
TYPOCBIO
TYPOCDPT
TYPOCFIL
TYPOCFLD
TYPOCFLW
TYPOCINC
TYPOCLOC
TYPOCLWK
TYPOCMEA
TYPOCONE
TYPOCPAR
TYPOCTOT
TYPOINDX
TYPOSTFL
TYPPTRA
TYPPTRO
TYPPTRW
TYPSIZE
TYPSP
TYPSPA
TYPSPANA
TYPSPANO
TYPSPANW
TYPSPBO
TYPSPBOA
TYPSPBOO
TYPSPBOW
TYPSPC
TYPSPCOA
TYPSPCOO
TYPSPCOW
TYPSPCPL
TYPSPD1
TYPSPDUA
TYPSPDUO
TYPSPDUW
TYPSPINA
TYPSPINO
TYPSPINW
TYPSPO
TYPSPPTA
TYPSPPTO
TYPSPPTW
TYPSPST
TYPSTS
TYPSZSP
TYPSZSPA
TYPSZSPC
TYPSZSPO
TYPSZSPW
TYPSZWV
TYPWVAL
TYPWVAS
TYPWVCP
TYPWVCU
TYPWVDPT
TYPWVF1
TYPWVF3
TYPWVFD
TYPWVGD
TYPWVJO
TYPWVJS
TYPWVKL
TYPWVMN
TYPWVMP
TYPWVNA
TYPWVNL
TYPWVP2
TYPWVPD
TYPWVRF
TYPWVS2
TYPWVSD
TYPWVSH
TYPWVSR
TYPWVTB
TYPWVWD
UIOCPAR
UMINCID
UMSCALAR
VERSION
WCLPRM3A
XSBMIN
