ABCALC1
ABORT1A
ACUMPS1
AC_CTL1
ADDRCHK1
ADDRES1
ADDRLN1
ADJCTL1A
ADJCTL1C
ADVCTL1A
ADVCTL1E
ADVPGD1A
ADVPGD1C
ADVPGD1E
ADVSRCE
ADVUGD1A
ADVUGD1C
ADVUGD1E
AENCOR1A
AGFX3A
AGFX3B
AGGCLD3A
AGTFX3A
AIRSEA
AI_CALC
ALOGHF2A
ANGMOM1A
AR_CLD2A
ASFX3A
ATG
ATMDYN1
ATMPHY1
ATMSTEP1
AUX_FIL1
BCABCAL1
BCRECON1
BDYLYR3A
BDYLYR5A
BDYLYR6A
BDYLYR7A
BIGEND1
BIOLOGY
BIOMIX
BLKDATA
BLOKCALC
BLOKCNTL
BLOKFLD
BLOKINIT
BL_CTL1
BL_IC3A
BL_IC5A
BL_IC6A
BL_IC7A
BL_LSP1A
BNSOL3A
BOUNDVA1
BOUNDVO1
BOUYTQ5B
BOUYTQ6A
BOXBND1
BOXSUM1
BTQINT5B
BTQINT6A
C90EXPND
CADEN3A
CAL3DCCA
CALCDIFF
CALCESAV
CALCFVN
CALCP21A
CALCPV1A
CALCRL1A
CALCRS1A
CALCTS1A
CALRHC2B
CAT1A
CEMCOR1A
CGRELAX
CGSUMMAT
CHDCMP1A
CHEMCTL1
CHGDIM1A
CHGPHS2A
CHGPHS3B
CHGPHS3C
CHK1BOX1
CHKLKBA1
CHKLOO1A
CLCOL3A
CLD2RH1A
CLDBAS1A
CLDCTL1
CLDCVR1A
CLINIC
CLLVD3A
CLOUDW1A
CLRSP3A
CNVCCHK1
CNVSTOP
COASAJ1A
COEX1A
COFTHQ1A
COFTHQ1C
COFUV1A
COFUV1C
COLM1A
COLSF3A
COMBINE1
COMPARE1
COMPT2A
CONRAD1A
CONSC1A
CONTRA1A
CONTROL1
CONV21A
CONV22C
CONV23A
CONVADJ
CONVEC2A
CONVEC2C
CONVEC3A
CONVEC3C
CONVFULL
CONVHEA1
CONVIEE1
CONVLOO1
CONVPP1
CONV_CT1
COPD3D1A
COPDIA1A
COPYA2O1
COPYO2A1
COPYODL1
COPYODN1
CORENG1A
COXCNVC
CPYFLD1A
CRSFRZ2A
CRSFRZ3C
CTODUMP
CTOI1
CUHGT1A
CU_TO_H
CU_TO_UV
CVHGT1A
CV_TO_H
CV_TO_UV
CYCLCBC1
D2LAMP1A
DARCY5A
DATASWAP
DAY2CHA1
DDCALL2A
DDCALL2C
DDCALL3A
DDCALL3C
DDENV2A
DDENV3A
DDINIT2A
DDINIT3A
DDRAUG2A
DDRAUG3A
DDRAUG3C
DECAY2A
DECMFLTR
DECMPO1A
DECOMP1A
DEGRIB1
DEL2P1A
DEL2U1A
DELHIST1
DENSCOEF
DERVSIZE
DETRAI1A
DETRAT1A
DETRAT3C
DEVAP2A
DEVAP3A
DEWPNT1A
DFPLN3A
DIA10A1A
DIA10B1A
DIA10Q1A
DIAENG1A
DIAG3A
DIAGDES1
DIAG_PRT
DIATHA1A
DIFCTL1A
DIFCTL1C
DIVCAL1A
DIVDMP1A
DIVDMP1D
DLANDF1A
DOARAV1
DOSUMS1
DOWND2A
DOWND2C
DOWND3B
DOWND3C
DQSDTH1A
DQSDTH3C
DRINTFA1
DRINTFO1
DRODS
DRODT
DTHDP1A
DUCT1A
DUMMYVEG
DUMPCTL1
DUPLIC1
DV_3DCCA
DYNDIA1A
E3A013A
ELEMENTS
EMCALC1B
EMDIAG1A
EMDIAG1B
EMPTY
ENGSUM1A
ENG_CTL1
ENVIRO1A
ENVIRO3A
EQTOLL1A
EQ_CONST
EREPORT1
ERRREP1
ERRTRCE1
EVALSP1A
EVP2A
EVP3A
EXCFNL6A
EXCOEF3A
EXCOEF6A
EXCOEF7A
EXFXTQ5B
EXFXTQ6A
EXFXUV5B
EXITCHK1
EXITPRO1
EXP32B1A
EXPHF2A
EXPPX1
EXPTENC1
EXTDIA1A
EXTRAP
EXTTS1A
FCDCH3A
FCDCH6A
FCDCH7A
FEMEAN
FFREAD1A
FIELDCOS
FIELDOP1
FILL3A
FILTER1A
FILTFL1A
FILTUV1A
FILTUV1C
FIND1
FINDEX
FINDLEN1
FINDPIC
FINDPTR1
FLAGW1A
FLAGW3C
FLDIAG1A
FLDMOD1
FLDOUT
FLDSTAT1
FLHALO1A
FLUSHFRT
FLUX_CO2
FLXBLANK
FLXINI2A
FLXPROC1
FNPTOZ
FNZTOP
FORTXD1
FOURIE2A
FOURIE2B
FOURIE3A
FPADLOOK
FPAMLOOK
FPANCTIM
FPCHKHD1
FPCLMDT1
FPCLMTIM
FPCLSFS1
FPCOPY1
FPFIELD1
FPGETROW
FPGTLOOK
FPHEAT1
FPINTLV1
FPINTPT1
FPLOOKU1
FPLSMSE1
FPLSMU
FPMOIST1
FPOPENC1
FPOPENF1
FPOUTDBG
FPPRESS1
FPPROC1
FPRD1FLD
FPRD1HDR
FPRDACC1
FPRDCLM1
FPRDCNT1
FPRDDBG1
FPRDFLDS
FPRDHDRS
FPRDHK
FPRDLEAD
FPRDLMHD
FPRDLSMA
FPRDLSMS
FPRDSEL1
FPRDVECF
FPREFFDS
FPSEAIC1
FPSEARCH
FPSETSST
FPTIME1
FPTIMUSE
FPWINDS1
FPWNDSPD
FPWR1FLD
FRACTM1A
FREEZE
FREEZE1A
FREEZEUP
FROMLA1A
FRUNOF1A
FRUNOF7A
FTSA1A
FTSA2B
FXCA3A
F_TYPE1
GASCAL1A
GASOP3A
GATFLD1A
GATFML1B
GATZON1A
GBTABINT
GCLD_1A
GCLD_2B
GCONV_2A
GCONV_3A
GCONV_3B
GENGAT1A
GENINT1
GENINTF1
GENINTO1
GENSCT1A
GETDIM1A
GETPPX1
GET_NAM2
GLBCT3A
GLBM1A
GLSPP_2B
GLSPP_2D
GLSPP_3A
GLTOLO1
GRADI
GRBTIM1A
GRBWRT1A
GREYK3A
GREYK3B
GRIB_CO1
GRIB_FC1
GRIB_TO1
GRIB_UM1
GROWT2A
GRVSET1A
GSSAN3A
GTALBC1A
GTOLBC1A
GTPPXPT1
GWAVE1A
GWAVE3A
GWAV_CT1
GWJUMP3A
GWJUMP3B
GWLEE3A
GWLEE3B
GWLINP2A
GWRICH1A
GWSATN3A
GWSATN3B
GWSCOR3A
GWSURF1A
GWSURF3A
GWVERT3A
GWVERT3B
GWVICT1A
GWVICT3A
G_CH_L1A
HDPPXRF1
HEATCP5A
HGRAD1A
HIBLSM1A
HINTCO1A
HINTCTL1
HINTIAW1
HINTIBL1
HINTINT1
HINT_AW1
HINT_BL1
HMR2RH1A
HNYCAL
HNYCAL1
HORCUB1A
HORINT1A
HORIZG1A
HORLIN1A
HORMON1A
HORQUI1A
HOWBIG1A
HPRINT1
HRESET1
HTCOND5A
HYDCON5A
HYDROL1A
HYDROL5A
HYDROL7A
HYDR_CT1
HYD_IC5A
HYD_IC7A
HYD_INTCT1A
H_TO_CU
H_TO_CV
H_TO_UV
ICAOHT1A
ICEADVEC
ICEBNDS
ICEDRIFT
ICEFLOE
ICEFLUX
ICEFREED
ICEHTC5A
ICEUPDT
ICE_CTL
IEEEPK1A
IMCLTQ5B
IMCLTQ7A
IMCLUV5B
IMPLCA2C
IMPLCA4A
IMPLSCH
IMPMIX2C
INACCTL1
INACTR1
INANCA1A
INANCCT1
INANCO1A
INANCW1A
INBOUND1
INCRTIM1
INEMCR1A
INFILT5A
INICMC
ININTF1
INIOASIS
INITA2O1
INITA2S1
INITACC1
INITCHS1
INITCNV1
INITCTL1
INITDIA1
INITDIO1
INITDUM1
INITFH1A
INITHDR1
INITIAL1
INITLS1A
INITMEA1
INITMIN1
INITMOS1
INITOI1A
INITPHY1
INITPP1A
INITQLC1
INITTIM1
INITTRAC
INITVEG1
INITZON1
INIZPTR
INMOSES1
INPUTL1
INTFCA1A
INTFCTL1
INTFHIC1
INTFNFL1
INTFOUT1
INTFUNT1
INTFX3A
INTHYD1
IOERR1A
IPDCOFCL
IPDCOFCO
IPDFLXCL
IPDGMVEL
IRS3A
ISAMAX2A
ISMAX2A
ISMIN2A
ISOFLUX
ISOPYC_A
ISOPYC_M
ISRCHF2A
JOBCTL1
KEEPTRAC
KMKH3A
KMKH6A
KMKH7A
KMKHZ6A
LARGE
LATENT1A
LATENT3C
LAYCN1A
LAYCN3C
LAYERD2A
LAYERD2C
LAYERD3C
LBCONV1A
LCLDN3A
LEAF5A
LEAF5B
LEAF7A
LEVCOD1
LEVSRT1
LIFPAR1A
LIFPAR3A
LLIT7A
LLTOEQ1A
LLTORC1
LOCATE1
LOCRD
LOCWT
LOTKA2A
LSCLD1A
LSCLD2A
LSCLD2B
LSPCON3A
LSPEVA2A
LSPEVA2E
LSPFCW1A
LSPFCW2D
LSPFOR2B
LSPFOR2D
LSPFRM1A
LSPICE3B
LSPPN2B
LSPPN2D
LSPPN3B
LSPP_CT1
LSPSC1A
LSQLS2
LWCLD1A
LWDCSF1A
LWMAST1A
LWMAST1C
LWPLAN1A
LWPLAN1B
LWPTSC1A
LWPTSC1B
LWPTSC1C
LWRAD1A
LWRAD1C
LWRAD3A
LWTRAN1A
LWTRAN1B
LWTRAN1C
MAKEBC1
MASKODL1
MASKODN1
MASSUM1A
MASUVW1A
MASUWT1A
MATINV1A
MATRIX
MAXFLD1
MBLOCK
MEADCALC
MEANCTL1
MEANDIA2
MEANPS1
MED_CALC
MED_OUTF
MERGE1A
MERGFLD1
MGRID
MICROB7A
MIXLAY
MIXSET
MIXSET2
MLTGRD1A
MMPPCTL1
MNGFX3A
MNIRR3A
MONFX3A
MOSGRD1A
MPPMFL1A
MPPOCSIZ
MTABS
MUBUF
MUSPAC1A
MXAPS3A
MXCOF3A
MXCOL3A
MXMTE3A
MXSSR3A
NEARPT1A
NEGZERO1
NEWPAC1A
NLWEIGT
OAINIT1
OAPACK1A
OASISDIAG
OASISDIAGI
OASISTEP
OBCGILN
OBCGILS
OCNARYPT
OCNDIAG1
OCNFRST1
OCNPASS
OCNSTEP1
OCNVOL1
OCN_CTL
OCN_FRST
OD12SLAB
OFILTR
OFLTCN2A
OFLTCNTL
OISLESUM
OISLSUMA
OLBCFRS1
OLBCGIL1
OLBCSZ1
OLBCZTD1
OMEGDI1A
OPERMES1
OPICL3A
OPWCL3A
OP_EMER1
ORDER1
OSETBDS
OSETCON
OSLAB2D1
OSWAP1D
OSWAPDIA
OUTFL_BC
OUTPTL1
OVISCALC
OVLTRP3A
OVMXM3A
OVMXR3A
P21BIT1A
PACK1
PARCEL1A
PARCEL3C
PBFIN1A
PBFOUT1A
PCLOSE1A
PDEFMR
PDEFMW
PERTURB1
PEVBCB2A
PEVBCB3A
PF2UM1A
PFLCLD1A
PFSETCO1
PF_REV1
PHENOL1A
PHIMH6A
PHYDIA1A
PHYSIO7A
PICKUP1
PIGSET
PINIM
PMSL1A
PNTRSWAP
POINTR1
POLAR1A
POLAUV1A
POPEN1A
PORTIO2A
POSERR1A
POSTINT1
POTTEM
PP2GRIBA
PPARM1A
PPCO2
PPCTL2
PPFILE1A
PPHEAD1A
PPRINT1
PPTOANC1
PREARAV1
PRELIM1
PREWIND1
PRFIXH1A
PRIFLD1A
PRIHDA1A
PRINTCAM
PRINTCT1
PRINTDU1
PRINTHS1
PRLFLD1A
PRLOOK1A
PROPAGS
PROPDOT
PRRFLD1A
PRRHDA1A
PRVXN
PR_ADJ1A
PR_F_C1A
PSEUDAIR
PSLIMS1
PSTPOS1A
PTHADJ1A
PTOCU1A
PTOCV1A
PTOUV1A
PVPIN1A
PVTHIN1A
P_DECODE
P_ORDERS
QCTROP1A
QSAT1A
QSAT2A
QSAT2B
QSATPF1A
QSATVAR1
QTADV1A
QTADV1C
QTPOS1A
QTPOS1B
RADMOSES
RAD_CTL1
RAERO7A
RAINOU1A
RANK3A
RCINITW1
RDBASIS1
RDLSM1A
RDMULT1A
RDVARFL1
READCTL1
READDM1A
READFH1A
READFL1A
READHE1A
READHIS1
READHK1
READLSA1
READMHS1
READNLST
READSIZ1
READSTM1
READWRIT
READ_REM
RECONF1
REFREEZE
REGROUP
RELAX
RESETAT1
RESETOC1
ROOTFR7A
ROTATE1
ROWCALC
ROWSWAP1
ROW_CTL
RPANCA1A
RPANCO1A
RPANCW1A
RSCAS3A
RSCNT3A
RSCTW3A
RSCTW3B
RSSQDP1A
SATCAL2A
SATCAL3C
SB1G3A
SBCF3A
SBF3A
SBKE3A
SBKE3B
SBOTTOM
SBRV3A
SBWG3A
SCALBC1A
SCLAB3A
SCLAB3B
SCLGE3A
SCLPT3A
SCOLBC1A
SCONSC1A
SCONTROL
SCREEN7A
SCTFLD1A
SCTZON1A
SDFADR1A
SDISSIP
SEC2TIM1
SEMEAN
SEND_REM
SETBCX
SETCONA1
SETEXNE1
SETF1A
SETFHEA1
SETFIL1A
SETFIL1B
SETGRCT1
SETHIST1
SETLSCL1
SETLST1A
SETMODL1
SETNEB1A
SETPERL1
SETPLS1A
SETPPIN1
SETRUNI1
SETTRA1A
SETTSCT1
SETUP1
SETUPWV
SFCADD
SFEVAP2B
SFEVAP5A
SFEVAP5B
SFEVAP7A
SFEXCH3A
SFEXCH5A
SFEXCH6A
SFEXCH7A
SFFLUX5A
SFFLUX5B
SFFLUX7A
SFLBES5B
SFLINT1B
SFLINT3A
SFLINT6A
SFLINT7A
SFMELT5A
SFMELT5B
SFMELT7A
SFOROG7A
SFREST5A
SFREST6A
SFREST7A
SFRIB5A
SFRIB6A
SFRIB7A
SFRUGH5A
SFRUGH6A
SFSNOW1A
SFSNOW2A
SFSNOW7A
SFSTOM5A
SFSTOM5B
SFSTOM7A
SICEHT1A
SICEHT4A
SICEHT5B
SIEVE1A
SIEVE7A
SINDX1
SINPUT
SLBCTL1A
SLBDIF1A
SLBHC1A
SLBHCA1A
SLBIADV
SLBICAV
SLBICE1A
SLBIDRIF
SLBIDYN
SLBIFREE
SLBSTP1A
SLBSTU1A
SLBTADV
SLBTUV
SLHGDR3A
SLMXDR3A
SLSPSC1A
SLVTPA3A
SLVTPA3B
SLVTRP3A
SLVTRP3B
SMAP3A
SMCEXT7A
SMROOT5A
SMTPN3A
SNCLP3A
SNONLIN
SNOWPR1A
SNSCF3A
SOILC2A
SOILHT1A
SOILHT5A
SOILHT7A
SOILHY1A
SOILHY5A
SOILINT1
SOILMC7A
SOLADD
SOLANG1A
SOLCF3A
SOLPOS1A
SOLSET
SOLSET2
SOLSR3A
SOOT1A
SPACIA1A
SPARM1A
SPECTRAL
SPIN3A
SPLINE1A
SPLMX3A
SPRALS1A
SQRTHF2A
SSCT3A
SSCTA3A
SSUM2A
STACUM1A
STASH1
STATE
STATMPT1
STCOLM1A
STCOMG1A
STDEV7A
STEXTC1A
STFLDM1A
STGFLD1A
STGLOM1A
STGLSZ1A
STLEV1A
STMAX1A
STMAXLN1
STMERM1A
STMIN1A
STMTF3A
STOCGT1
STOCNPT1
STP2TIM1
STRATQ1A
STRESS
STRESSO
STSCT3A
STSFLD1A
STSIDE1A
STWORK1A
STZONM1A
ST_DIA11
ST_DIA21
ST_MEAN1
ST_PROC1
SULPH1A
SURFHY1A
SURFHY7A
SURFP3A
SWAPA2O1
SWAPA2O2
SWAPO2A1
SWAPO2A2
SWCLOP1A
SWCLOP2B
SWDKDI1A
SWDTCA1A
SWMAST1A
SWMAST1B
SWMAST2B
SWMSAL1A
SWPBND1A
SWPBND1B
SWPLND1A
SWPTSC1A
SWRAD1A
SWRAD2B
SWRAD3A
SWTRAN1A
S_DPCAL
S_DPDIAG
S_DPGRAF
S_DPINIT
S_DPPRNT
S_ERRONE
S_EXNER
S_FORCNG
S_INITIM
S_INSTAT
S_INTSOL
S_LYRTHK
S_MAIN
S_OBDIAG
S_PHYSCS
S_PRNIDT
S_PRNSUB
S_RANDOM
S_RESTDP
S_RUNINI
S_STATDY
S_STATSP
S_STSUBS
S_SUBDAT
S_THTCAL
S_TIMCAL
T3ESFT1B
TAUHF
TCF3A
TCF3B
TCFB3A
TCFC3A
TEMPHIS1
TEMPRL1A
TERMCO1A
TERMDD2A
TESTDI1A
THADV1A
THADV1C
THADV1D
THADV1E
THETAR1A
THETAW1A
THETLQ1A
THETLQ1C
THETPV1A
THL2TH1
THLQTADJ
THPDET1A
THPVIN1A
THQDIF1A
THQDIF1B
THQDIF1C
TH_TO_T1
TIM2STP1
TIME2SC1
TIMEFN2A
TIMELTE1
TIMER1A
TIMER3A
TIMER4A
TIMSER1
TINT1A
TINTC1A
TOLAND1A
TOTIMP1
TPTS1A
TRACAD1A
TRACER
TRANA2O1
TRANO2A1
TRANSIN1
TRANSOU1
TRAVAD1A
TRBDRY1A
TRHOU4
TRIFD2A
TRMIX2C
TRNA2S1A
TRNS2A1A
TROP1A
TROPFC2A
TROPFCTL
TROPIC
TROPIN1A
TROP_CTL
TRPCLM3A
TRPSSR3A
TRSFC3A
TRSFC3B
TRSRCE1A
TSTMSK1
TSTR3A
TWBULB1A
TWCFRG3A
TWCFRG3B
UMINDEX1
UMSETUP1
UMSHELL1
UMSLAB1A
UMSUBIN1
UNBLOK
UNESCO
UNPACK1
UPANCIL1
UPBOUND1
UVADJ1A
UVADJ1C
UVADV1B
UVADV1C
UVADV1E
UVDIF1A
UVDIF1C
UVTOP1A
UVTOPF1A
UV_TO_CU
UV_TO_CV
UV_TO_H
U_MODEL1
VAGDIRT
VARCOPY1
VARCTL1
VCORIO1A
VCORIO1D
VDF_CT1
VDIFCALC
VDIFCALT
VEG1A
VEG2A
VEGCB2A
VEG_CTL1
VEG_IC1A
VEG_IC2A
VERCUB1A
VERINT1A
VERLIN1A
VERQUI1A
VERTCLD1
VERTCOFC
VERTCOFT
VERTDF1A
VERTDF1B
VERTVE1A
VERTVE1B
VERTVE1C
VGRAV1A
VININTF1
VINT1A
VINTPAR
VINTPF1A
VINTT1A
VINTTH1A
VINTTP1A
VINTZ1A
VINTZH1A
VISBTY1A
VORTDIAG
VORTI11A
VORTI21A
VORTI31A
VORTI41A
VORTI51A
VSHRZ7A
VTOTT
WAVEH
WAVETR
WAVFRST1
WAV_TO_D11
WCOEFF1A
WEQTOL1A
WINDMX1A
WLLTOE1A
WRITDM1A
WRITFL1A
WRITFTX1
WRITHE1A
WRITHIS1
WRITRSU1
WSTLST1
WTMULT1A
WTRAIN
WTRAIN1
WTRAIN2
WTREORG
WV_CHECK
WV_SHAPE
Z1A
ZONM1A
ZONMAT1A
ZONMCTL1
ZPDATE1
